[riseinfraventures.com/index.html]
[backblue.gif]
[fade.gif]
[index.html]
[riseinfraventures.com/asset/images/commercial-and-residential-projects.png]
[riseinfraventures.com/assets/front/images/favicon.png]
[riseinfraventures.com/assets/bower_components/font-awesome/css/font-awesome.min.css]
[riseinfraventures.com/assets/front/css/owl.carousel.min.css]
[riseinfraventures.com/assets/front/css/owl.theme.default.min.css]
[riseinfraventures.com/assets/front/css/jquery.toast.min.css]
[riseinfraventures.com/assets/front/css/scroll_bar.css]
[riseinfraventures.com/assets/front/css/custom.css]
[riseinfraventures.com/assets/front/js/jquery.min.js]
[riseinfraventures.com/assets/front/js/jquery-ui.js]
[riseinfraventures.com/assets/front/images/logo.png]
[riseinfraventures.com/about-us.html]
[riseinfraventures.com/category/commercial.html]
[riseinfraventures.com/category/residential.html]
[riseinfraventures.com/land.html]
[riseinfraventures.com/it.html]
[riseinfraventures.com/city/delhi.html]
[riseinfraventures.com/city/gurgaon.html]
[riseinfraventures.com/city/mumbai.html]
[riseinfraventures.com/news-room/awards.html]
[riseinfraventures.com/news-room/pr-activities.html]
[riseinfraventures.com/news-room/events.html]
[riseinfraventures.com/news-room/csr-activities.html]
[riseinfraventures.com/news-room/blogs.html]
[riseinfraventures.com/career.html]
[riseinfraventures.com/contact-us.html]
[riseinfraventures.com/assets/front/icon/closeblck.png]
[riseinfraventures.com/assets/front/icon/search.png]
[riseinfraventures.com/assets/front/images/index/newfrrame.jpg]
[riseinfraventures.com/assets/front/images/new2.jpg]
[riseinfraventures.com/assets/front/images/logoblk.png]
[riseinfraventures.com/property-detail/emaar-casa-venero-alibag.html]
[riseinfraventures.com/uploads/file-manager/banner-image-villa.webp]
[riseinfraventures.com/property-detail/krisumi-waterfall-residences.html]
[riseinfraventures.com/uploads/file-manager/krisumi-web.jpg]
[riseinfraventures.com/property-detail/emaar-business-district-ebd-83-sco-plots-gurgaon.html]
[riseinfraventures.com/uploads/file-manager/emaar83.webp]
[riseinfraventures.com/property-detail/godrej-zenith-89-gurgaon.html]
[riseinfraventures.com/uploads/file-manager/Godrej-Web.webp]
[riseinfraventures.com/property-detail/puri-diplomatic-residences-sector-111.html]
[riseinfraventures.com/uploads/file-manager/rise-infra-puri.webp]
[riseinfraventures.com/property-detail/reach-3-roads-sector-70.html]
[riseinfraventures.com/uploads/file-manager/3-roads.webp]
[riseinfraventures.com/property-detail/lodha-woods-kandivali-east-mumbai.html]
[riseinfraventures.com/uploads/file-manager/lodha-wood.webp]
[riseinfraventures.com/property-detail/vatika-one-on-one-sector-16-gurgaon-office-space.html]
[riseinfraventures.com/uploads/file-manager/vatika-web.webp]
[riseinfraventures.com/assets/front/videos/video4.mp4]
[riseinfraventures.com/assets/front/icon/icnwhte.png]
[riseinfraventures.com/assets/front/images/wp.gif]
[riseinfraventures.com/assets/front/images/ftrlogo.png]
[riseinfraventures.com/projects.html]
[riseinfraventures.com/privacy-policy.html]
[riseinfraventures.com/assets/front/js/lazysizes.min.js]
[riseinfraventures.com/assets/front/js/perfect-scrollbar.js]
[riseinfraventures.com/assets/front/js/owl.carousel.js]
[riseinfraventures.com/assets/front/js/jquery.toast.min.js]
[riseinfraventures.com/assets/js/front.js]
[riseinfraventures.com/assets/front/js/common.js]
[riseinfraventures.com/assets/front/js/EditorJs.js]
[riseinfraventures.com/index.html]
[riseinfraventures.com/asset/images/commercial-and-residential-projects.html]
[riseinfraventures.com/assets/bower_components/font-awesome/fonts/fontawesome-webfont3e6e.eot]
[riseinfraventures.com/assets/bower_components/font-awesome/fonts/fontawesome-webfontd41d.eot]
[riseinfraventures.com/assets/bower_components/font-awesome/fonts/fontawesome-webfont3e6e.woff2]
[riseinfraventures.com/assets/bower_components/font-awesome/fonts/fontawesome-webfont3e6e.woff]
[riseinfraventures.com/assets/bower_components/font-awesome/fonts/fontawesome-webfont3e6e.ttf]
[riseinfraventures.com/assets/bower_components/font-awesome/css/font-awesome.min.css]
[riseinfraventures.com/assets/bower_components/font-awesome/fonts/fontawesome-webfont3e6e.svg]
[riseinfraventures.com/assets/front/css/owl.video.play.html]
[riseinfraventures.com/assets/front/css/owl.carousel.min.css]
[riseinfraventures.com/assets/front/css/owl.theme.default.min.css]
[riseinfraventures.com/assets/front/css/jquery.toast.min.css]
[riseinfraventures.com/assets/front/css/mCSB_buttons.html]
[riseinfraventures.com/assets/front/css/scroll_bar.css]
[riseinfraventures.com/assets/front/poppins/fonts.css]
[riseinfraventures.com/assets/front/css/style.css]
[riseinfraventures.com/assets/front/sass/style.css]
[riseinfraventures.com/assets/front/css/custom.css]
[riseinfraventures.com/assets/front/js/jquery.min.js]
[riseinfraventures.com/assets/front/js/jquery-ui.js]
[www.googletagmanager.com/gtm5445.html]
[riseinfraventures.com/assets/front/images/about-us-3.jpg]
[riseinfraventures.com/assets/front/images/abtnammerimg.png]
[riseinfraventures.com/assets/front/icon/quote.png]
[riseinfraventures.com/assets/front/videos/contact.mp4]
[riseinfraventures.com/about-us.html]
[riseinfraventures.com/category/index.html]
[riseinfraventures.com/category/asset/images/commercial-and-residential-projects.png]
[riseinfraventures.com/assets/front/videos/commercial.mp4]
[riseinfraventures.com/property-detail/omaxe-state-dwarka-19b-delhi.html]
[riseinfraventures.com/uploads/file-manager/omaxe-banner.jpg]
[riseinfraventures.com/property-detail/m3m-jewel-sector-25-mg-road.html]
[riseinfraventures.com/uploads/file-manager/m3m-jawel.webp]
[riseinfraventures.com/property-detail/suncity-the-empire.html]
[riseinfraventures.com/uploads/file-manager/empire.jpg]
[riseinfraventures.com/property-detail/pyramid-grand-vista.html]
[riseinfraventures.com/uploads/file-manager/pyramid2.jpg]
[riseinfraventures.com/property-detail/m3m-xpressway-sco-114.html]
[riseinfraventures.com/uploads/file-manager/114.jpg]
[riseinfraventures.com/property-detail/emaar-ebd-75a.html]
[riseinfraventures.com/uploads/file-manager/Emaar_EBD_75a.jpg]
[riseinfraventures.com/property-detail/m3m-114-market.html]
[riseinfraventures.com/uploads/file-manager/2.jpg]
[riseinfraventures.com/property-detail/smartworld-one-dxp-street.html]
[riseinfraventures.com/uploads/file-manager/16.jpg]
[riseinfraventures.com/property-detail/m3m-paragon.html]
[riseinfraventures.com/uploads/file-manager/14.jpg]
[riseinfraventures.com/property-detail/m3m-atrium-sector-57-commercial-development.html]
[riseinfraventures.com/uploads/file-manager/commercial-m3m-atrium-sector-57-5-rise-infraventures1.png]
[riseinfraventures.com/property-detail/ameya-sapphire-57-gurgaon-investment.html]
[riseinfraventures.com/uploads/file-manager/2b1.jpg]
[riseinfraventures.com/property-detail/m3m-route-65.html]
[riseinfraventures.com/uploads/file-manager/12.jpg]
[riseinfraventures.com/property-detail/smart-world-orchard-street.html]
[riseinfraventures.com/uploads/file-manager/11.jpg]
[riseinfraventures.com/property-detail/m3m-capital-walk.html]
[riseinfraventures.com/uploads/file-manager/1.jpg]
[riseinfraventures.com/property-detail/m3m-urbana-business-park.html]
[riseinfraventures.com/uploads/file-manager/urbana.jpg]
[riseinfraventures.com/property-detail/dlf-corporate-greens.html]
[riseinfraventures.com/uploads/file-manager/commercial-dlf-corporate-greens-5-rise-infraventures.jpg]
[riseinfraventures.com/property-detail/statement.html]
[riseinfraventures.com/uploads/file-manager/commercial-statement-5-rise-infraventures.jpg]
[riseinfraventures.com/property-detail/signature.html]
[riseinfraventures.com/uploads/file-manager/commercial-signature-5-rise-infraventures.jpg]
[riseinfraventures.com/property-detail/joy-street.html]
[riseinfraventures.com/uploads/file-manager/commercial-joy-street-5-rise-infraventures.jpg]
[riseinfraventures.com/property-detail/miracle-mile.html]
[riseinfraventures.com/uploads/file-manager/commercial-miracle-mile-office-5-rise-infraventures.jpg]
[riseinfraventures.com/property-detail/m3m-sco-plots-sec-113.html]
[riseinfraventures.com/uploads/file-manager/commercial-m3m-sco-plots-sec-113-5-rise-infraventures.jpg]
[riseinfraventures.com/property-detail/m3m-sco-plots-sec-84.html]
[riseinfraventures.com/uploads/file-manager/commercial-m3m-sco-plots-sec-84-5-rise-infraventures.jpg]
[riseinfraventures.com/property-detail/emaar-sco-sec-65.html]
[riseinfraventures.com/uploads/file-manager/commercial-emaar-sco-sec-65-5-rise-infraventures.jpg]
[riseinfraventures.com/property-detail/dlf-gardencity-central.html]
[riseinfraventures.com/uploads/file-manager/commercial-dlf-gardencity-central-5-rise-infraventures.jpg]
[riseinfraventures.com/property-detail/vatika-market-walk.html]
[riseinfraventures.com/uploads/file-manager/commercial-vatika-market-walk-5-rise-infraventures.jpg]
[riseinfraventures.com/property-detail/raheja-mall.html]
[riseinfraventures.com/uploads/file-manager/commercial-raheja-mall-5-rise-infraventures.jpg]
[riseinfraventures.com/property-detail/prive-73.html]
[riseinfraventures.com/uploads/file-manager/prive.jpg]
[riseinfraventures.com/property-detail/elan-miracle.html]
[riseinfraventures.com/uploads/file-manager/commercial-elan-miracle-5-rise-infraventures.jpg]
[riseinfraventures.com/property-detail/mercado.html]
[riseinfraventures.com/uploads/file-manager/commercial-mercado-rise-infraventures.jpg]
[riseinfraventures.com/property-detail/elan-empire.html]
[riseinfraventures.com/uploads/file-manager/commercial-elan-empire-5-rise-infraventures.png]
[riseinfraventures.com/property-detail/joy-square.html]
[riseinfraventures.com/uploads/file-manager/commercial-joy-square1-rise-infraventures.jpg]
[riseinfraventures.com/property-detail/joy-gallery.html]
[riseinfraventures.com/uploads/file-manager/commercial-joy-gallery-5-rise-infraventures.jpg]
[riseinfraventures.com/property-detail/vilasa.html]
[riseinfraventures.com/uploads/file-manager/residential-vilasa-5-rise-infraventures.jpg]
[riseinfraventures.com/property-detail/vatika-crossover-sco-commercial-plots.html]
[riseinfraventures.com/uploads/file-manager/commercial-vatika-crossover-sco-commercial-plots-5-rise-infraventures.png]
[riseinfraventures.com/property-detail/m3m-myden.html]
[riseinfraventures.com/uploads/file-manager/commercial-myden-5-rise-infraventures.jpg]
[riseinfraventures.com/property-detail/elan-epic.html]
[riseinfraventures.com/uploads/file-manager/elan.jpg]
[riseinfraventures.com/property-detail/raheja-delhi-mall.html]
[riseinfraventures.com/uploads/file-manager/Front_Image_on_display13.jpg]
[riseinfraventures.com/property-detail/omaxe-chowk.html]
[riseinfraventures.com/uploads/file-manager/Front_Image_on_display12.jpg]
[riseinfraventures.com/category/commercial.html]
[riseinfraventures.com/assets/front/videos/banner-videoss.mp4]
[riseinfraventures.com/property-detail/tarc-ishva-sector-63a-gurgaon.html]
[riseinfraventures.com/uploads/file-manager/banner-t.webp]
[riseinfraventures.com/property-detail/silverglades-legacy-sector-63a-gurgaon.html]
[riseinfraventures.com/uploads/file-manager/banner-s.webp]
[riseinfraventures.com/property-detail/max-estate-360.html]
[riseinfraventures.com/uploads/file-manager/max-360-banner.webp]
[riseinfraventures.com/property-detail/godrej-sector-103-gurgaon.html]
[riseinfraventures.com/uploads/file-manager/godrej-banner.webp]
[riseinfraventures.com/property-detail/signature-global-titanium-spr-71.html]
[riseinfraventures.com/uploads/file-manager/titanium-SPR.jpg]
[riseinfraventures.com/property-detail/dlf-privana-west-sector-76.html]
[riseinfraventures.com/uploads/file-manager/dlf-priv.jpg]
[riseinfraventures.com/property-detail/emaar-the-88-sector-112.html]
[riseinfraventures.com/uploads/file-manager/emaar-88.webp]
[riseinfraventures.com/property-detail/lodha-bellagio-in-powai-mumbai.html]
[riseinfraventures.com/uploads/file-manager/lodha-belagio.webp]
[riseinfraventures.com/property-detail/signature-global-deluxe-dxp-sector-37d.html]
[riseinfraventures.com/uploads/file-manager/sig-rise.webp]
[riseinfraventures.com/property-detail/birla-niyaara-worli-in-mumbai.html]
[riseinfraventures.com/uploads/file-manager/bm1.webp]
[riseinfraventures.com/property-detail/godrej-aristocrat-sector-49.html]
[riseinfraventures.com/uploads/file-manager/godrej-49.webp]
[riseinfraventures.com/property-detail/smart-world-the-edition-sector-66.html]
[riseinfraventures.com/uploads/file-manager/smartworld-66.jpg]
[riseinfraventures.com/property-detail/smart-world-113-one-dxp.html]
[riseinfraventures.com/uploads/file-manager/15.jpg]
[riseinfraventures.com/property-detail/tata-gurgaon-gateway.html]
[riseinfraventures.com/uploads/file-manager/tata.jpg]
[riseinfraventures.com/property-detail/sobha-city.html]
[riseinfraventures.com/uploads/file-manager/residential-shobha-city-5-rise-infraventures.jpg]
[riseinfraventures.com/property-detail/luminare.html]
[riseinfraventures.com/uploads/file-manager/residential-luminare-5-rise-infraventures.jpg]
[riseinfraventures.com/property-detail/skycity.html]
[riseinfraventures.com/uploads/file-manager/WhatsApp_Image_2023-01-12_at_12.26.51_AM.jpg]
[riseinfraventures.com/property-detail/m3m-sky-lofts.html]
[riseinfraventures.com/uploads/file-manager/commercial-m3m-sky-lofts-5-rise-infraventures.jpg]
[riseinfraventures.com/property-detail/heights.html]
[riseinfraventures.com/uploads/file-manager/residential-heights-5-rise-infraventures.jpg]
[riseinfraventures.com/property-detail/corridors-sector-67a.html]
[riseinfraventures.com/uploads/file-manager/residential-corridors-sector-67a-5-rise-infraventures.jpg]
[riseinfraventures.com/property-detail/heritage-one.html]
[riseinfraventures.com/uploads/file-manager/residential-heritage-one-5-rise-infraventures.jpg]
[riseinfraventures.com/property-detail/heritage-max.html]
[riseinfraventures.com/uploads/file-manager/residential-heritage-max-5-rise-infraventures.jpg]
[riseinfraventures.com/property-detail/ambience-creacions.html]
[riseinfraventures.com/uploads/file-manager/WhatsApp_Image_2023-01-12_at_12.24.00_AM.jpg]
[riseinfraventures.com/property-detail/zen-residences.html]
[riseinfraventures.com/uploads/file-manager/WhatsApp_Image_2023-01-12_at_12.20.13_AM.jpg]
[riseinfraventures.com/property-detail/club-residences.html]
[riseinfraventures.com/uploads/file-manager/WhatsApp_Image_2023-01-12_at_12.17.46_AM.jpg]
[riseinfraventures.com/property-detail/oyster-grande.html]
[riseinfraventures.com/uploads/file-manager/residential-oyster-grande-5-rise-infraventures.jpg]
[riseinfraventures.com/uploads/file-manager/residential-ambience-caitriona-5-rise-infraventures.jpg]
[riseinfraventures.com/property-detail/signature-plus.html]
[riseinfraventures.com/uploads/file-manager/residential-signature-plus-5-rise-infraventures.jpg]
[riseinfraventures.com/property-detail/trump-towers-delhi-ncr.html]
[riseinfraventures.com/uploads/file-manager/residential-trump-towers-delhi-ncr-5-rise-infraventures.png]
[riseinfraventures.com/property-detail/smart-world-floors.html]
[riseinfraventures.com/uploads/file-manager/residential-smart-world-floors-5-rise-infraventures.jpg]
[riseinfraventures.com/property-detail/m3m-city-of-dreams.html]
[riseinfraventures.com/uploads/file-manager/residential-m3m-city-of-dreams-5-rise-infraventures.jpg]
[riseinfraventures.com/property-detail/air-godrej.html]
[riseinfraventures.com/uploads/file-manager/residential-air-godrej-5-rise-infraventures.jpg]
[riseinfraventures.com/property-detail/emaar-digi-homes.html]
[riseinfraventures.com/uploads/file-manager/residential-emaar-digi-homes-5-rise-infraventures.png]
[riseinfraventures.com/property-detail/dlf-the-ulitma.html]
[riseinfraventures.com/uploads/file-manager/residential-dlf-the-ulitma-5-rise-infraventures.jpg]
[riseinfraventures.com/property-detail/dlf-signature-residences.html]
[riseinfraventures.com/uploads/file-manager/residential-dlf-signature-residences-5-rise-infraventures.png]
[riseinfraventures.com/property-detail/dlf-one-midtown.html]
[riseinfraventures.com/uploads/file-manager/residential-dlf-one-midtown-5-rise-infraventures.jpg]
[riseinfraventures.com/property-detail/dlf-garden-city.html]
[riseinfraventures.com/uploads/file-manager/residential-dlf-garden-city-5-rise-infraventures.jpg]
[riseinfraventures.com/property-detail/dlf-floors-in-dlf-phase-1-2-3-and-4.html]
[riseinfraventures.com/uploads/file-manager/residential-dlf-floors-in-dlf-phase-ii-5-rise-infraventures.png]
[riseinfraventures.com/property-detail/m3m-113.html]
[riseinfraventures.com/uploads/file-manager/residential-m3m-113-5-rise-infraventures.png]
[riseinfraventures.com/property-detail/dlf-alameda.html]
[riseinfraventures.com/uploads/file-manager/residential-dlf-almeda-5-rise-infraventures1.png]
[riseinfraventures.com/property-detail/unity-the-amaryllis.html]
[riseinfraventures.com/uploads/file-manager/Front_Image_on_display16.jpg]
[riseinfraventures.com/property-detail/risland-sky-mansion.html]
[riseinfraventures.com/uploads/file-manager/Front_Image_on_display15.jpg]
[riseinfraventures.com/property-detail/raheja-the-leela-sky-villas.html]
[riseinfraventures.com/uploads/file-manager/Front_Image_on_display14.jpg]
[riseinfraventures.com/property-detail/m2k-suites-in-greater-kailash.html]
[riseinfraventures.com/uploads/file-manager/Front_Image_on_display11.jpg]
[riseinfraventures.com/property-detail/lodha-aura.html]
[riseinfraventures.com/uploads/file-manager/Front_Image_on_display10.jpg]
[riseinfraventures.com/property-detail/lodha-gardenia-residential-property-in-wadala.html]
[riseinfraventures.com/uploads/file-manager/Front_Image_on_display9.jpg]
[riseinfraventures.com/property-detail/lodha-codename-evergreen.html]
[riseinfraventures.com/uploads/file-manager/Front_Image_on_display8.jpg]
[riseinfraventures.com/property-detail/lodha-bellevue-mahalaxmi.html]
[riseinfraventures.com/uploads/file-manager/Front_Image_on_display7.jpg]
[riseinfraventures.com/property-detail/godrej-horizon-dadar-wadala.html]
[riseinfraventures.com/uploads/file-manager/Front_Image_on_display6.jpg]
[riseinfraventures.com/property-detail/bkc-28.html]
[riseinfraventures.com/uploads/file-manager/Front_Image_on_display5.jpg]
[riseinfraventures.com/category/residential.html]
[riseinfraventures.com/assets/front/images/productlist/land.webp]
[riseinfraventures.com/assets/front/images/productlist/1.webp]
[riseinfraventures.com/assets/front/images/productlist/2.webp]
[riseinfraventures.com/assets/front/images/productlist/3.webp]
[riseinfraventures.com/land.html]
[riseinfraventures.com/assets/front/images/productlist/4.webp]
[riseinfraventures.com/assets/front/images/productlist/it-serve.jpg]
[riseinfraventures.com/it.html]
[riseinfraventures.com/city/index.html]
[riseinfraventures.com/city/asset/images/commercial-and-residential-projects.png]
[riseinfraventures.com/city/delhi.html]
[riseinfraventures.com/property-detail/m3m-jewel-best-investment-in-gurgaon.html]
[riseinfraventures.com/city/gurgaon.html]
[riseinfraventures.com/city/mumbai.html]
[riseinfraventures.com/uploads/file-manager/13.jpg]
[riseinfraventures.com/news-room/index.html]
[riseinfraventures.com/news-room/asset/images/commercial-and-residential-projects.png]
[riseinfraventures.com/news-room/_undefined_.html]
[riseinfraventures.com/assets/front/images/Commercial.jpg]
[riseinfraventures.com/news-room/awards/outstanding-performance-award-by-godrej-properties.html]
[riseinfraventures.com/uploads/file-manager/godrej-vrikshya-banner.webp]
[riseinfraventures.com/news-room/awards/humbled-and-elated-to-receive-the-prestigious-award-from-elan-group-for-our-exceptional-sales-achievements.html]
[riseinfraventures.com/uploads/file-manager/Elan-2.jpg]
[riseinfraventures.com/news-room/awards.html]
[riseinfraventures.com/news-room/pr-activities/living-with-the-theme-how-realty-developers-conceptualize-theme-based-projects.html]
[riseinfraventures.com/uploads/file-manager/living-with.webp]
[riseinfraventures.com/news-room/pr-activities/a-team-of-real-estate-experts-in-ggn.html]
[riseinfraventures.com/uploads/file-manager/rise55.jpg]
[riseinfraventures.com/news-room/pr-activities/real-estate-sector-expects-union-budget-to-extend-a-helping-hand.html]
[riseinfraventures.com/uploads/file-manager/rise44.jpg]
[riseinfraventures.com/news-room/pr-activities/iconic-titans-of-real-esate-consultancy.html]
[riseinfraventures.com/uploads/file-manager/rise-111.jpg]
[riseinfraventures.com/news-room/pr-activities/the-golf-course-extension-road-in-gurugram.html]
[riseinfraventures.com/uploads/file-manager/rise-11.jpg]
[riseinfraventures.com/news-room/pr-activities/according-to-a-report-by-the-times-of-india-the-national-capital-region.html]
[riseinfraventures.com/uploads/file-manager/riseinter.jpg]
[riseinfraventures.com/news-room/pr-activities/where-vision-meets-realty-sachin-gawri-ceo-founder-rise-infra.html]
[riseinfraventures.com/uploads/file-manager/hghh.jpg]
[riseinfraventures.com/news-room/pr-activities/rise-infraventures-limited-targets-rs-2000-cr-sales-by-end-of-fy-2021-22.html]
[riseinfraventures.com/uploads/file-manager/551.jpg]
[riseinfraventures.com/news-room/pr-activities/rcc-2021-india-largest-real-estate-conference-proudly-hosted-by-rise-infraventures.html]
[riseinfraventures.com/uploads/file-manager/121.jpg]
[riseinfraventures.com/news-room/pr-activities.html]
[riseinfraventures.com/news-room/events/rise-infraventures-promotes-golf-at-m3m-golf-estate-as-the-title-sponsor-of-the-residents-tournament.html]
[riseinfraventures.com/uploads/file-manager/17.jpg]
[riseinfraventures.com/news-room/events/rise-family-came-together-to-celebrate-the-spirit-of-togetherness.html]
[riseinfraventures.com/uploads/file-manager/23.jpg]
[riseinfraventures.com/news-room/events.html]
[riseinfraventures.com/news-room/csr-activities/rise-infraventures-samidha-welfare-empowering-girls-for-a-brighter-future.html]
[riseinfraventures.com/uploads/file-manager/samidha.jpg]
[riseinfraventures.com/news-room/csr-activities/subhash-chowk-gurugram-honoring-the-legacy-of-netaji-subhash-chandra-bose.html]
[riseinfraventures.com/uploads/file-manager/GMDA _5.jpg]
[riseinfraventures.com/news-room/csr-activities/rise-infraventures-and-gmda-collaborate-to-support-g20-initiatives.html]
[riseinfraventures.com/uploads/file-manager/GMDA _4.jpg]
[riseinfraventures.com/news-room/csr-activities/rise-infraventures-limited-remarkable-initiative-establishing-11-murti-replica-in-gurugram.html]
[riseinfraventures.com/uploads/file-manager/GMDA_3.jpg]
[riseinfraventures.com/news-room/csr-activities/shaping-a-brighter-gurugram-rise-infraventures-and-gmda-unite.html]
[riseinfraventures.com/uploads/file-manager/GMDA_2.jpg]
[riseinfraventures.com/news-room/csr-activities/citys-growth-inspires-rise_-embrace-the-momentum.html]
[riseinfraventures.com/uploads/file-manager/GDMA_11.jpg]
[riseinfraventures.com/news-room/csr-activities.html]
[riseinfraventures.com/news-room/blogs/godrej-properties-Q2-sales-growth-record-5200-crore.html]
[riseinfraventures.com/uploads/file-manager/godrej-growth.webp]
[riseinfraventures.com/news-room/blogs/top-cities-for-real-estate-investment-in-india.html]
[riseinfraventures.com/uploads/file-manager/top.jpg]
[riseinfraventures.com/news-room/blogs/fastest-growing-areas-in-gurgaon-residential-properties.html]
[riseinfraventures.com/uploads/file-manager/blog2023.webp]
[riseinfraventures.com/news-room/blogs/invest-in-real-estate-residential-commercial-projects-2023.html]
[riseinfraventures.com/uploads/file-manager/2023_(1)1.jpg]
[riseinfraventures.com/news-room/blogs/good-year-to-buy-house-real-estate-investment.html]
[riseinfraventures.com/uploads/file-manager/2023.png]
[riseinfraventures.com/news-room/blogs/outlook-for-indian-real-estate-in-2023.html]
[riseinfraventures.com/uploads/file-manager/2023.jpg]
[riseinfraventures.com/news-room/blogs/cities-becoming-growth-engines-for-indian-real-estate.html]
[riseinfraventures.com/uploads/file-manager/Best_Consultant_In_India.jpg]
[riseinfraventures.com/news-room/blogs/technology-taking-a-lead-in-real-estate.html]
[riseinfraventures.com/uploads/file-manager/Real_Estate_Consultatnt.jpg]
[riseinfraventures.com/news-room/blogs/nris-investing-indian-real-estate-best-consultant.html]
[riseinfraventures.com/uploads/file-manager/GGN_Gurgaon4.png]
[riseinfraventures.com/news-room/blogs/best-commercial-project-developments-consultants-invest.html]
[riseinfraventures.com/uploads/file-manager/Commercial-property-gurgaon_12.png]
[riseinfraventures.com/news-room/blogs/gurgaon-metro-stations-information-route-landmarks.html]
[riseinfraventures.com/uploads/file-manager/GGN_Gurgaon2.png]
[riseinfraventures.com/news-room/blogs/updates-industrial-development-maharashtra.html]
[riseinfraventures.com/uploads/file-manager/Mumbai.png]
[riseinfraventures.com/news-room/blogs/demand-residential-commercial-space-would-rise-result-delhi-mumbai-expressway.html]
[riseinfraventures.com/uploads/file-manager/Delhi-Mumbai-Expressway-final1.png]
[riseinfraventures.com/news-room/blogs/for-gulf-nris-india-is-a-hotspot-for-real-estate-investment.html]
[riseinfraventures.com/uploads/file-manager/gulf-nri-investment-2-final.png]
[riseinfraventures.com/news-room/blogs/ways-to-reduce-real-estate-investment-risk.html]
[riseinfraventures.com/uploads/file-manager/ways-to-reduce-real-estate-investment-risk.png]
[riseinfraventures.com/news-room/blogs/retail-investment-in-gurgaon-top-5-projects.html]
[riseinfraventures.com/uploads/file-manager/retail-investment-in-gurgaon-top-5-projects.jpg]
[riseinfraventures.com/news-room/blogs/proptech-future-of-real-estate-in-india.html]
[riseinfraventures.com/uploads/file-manager/Proptech-The-future-of-real-estate-in-India_.jpg]
[riseinfraventures.com/news-room/blogs/property-management-is-important-according-to-real-estate-consultant.html]
[riseinfraventures.com/uploads/file-manager/property-management-is-important-according-to-real-estate-consultant.png]
[riseinfraventures.com/news-room/blogs/planning-for-real-estate-investment-in-upcoming-summer-season.html]
[riseinfraventures.com/uploads/file-manager/reak.jpg]
[riseinfraventures.com/news-room/blogs/buy-real-estate-properties-in-gurgaon.html]
[riseinfraventures.com/uploads/file-manager/how-you-buy-real-estate-properties-in-gurgaon.jpg]
[riseinfraventures.com/news-room/blogs/how-2021-will-be-like-for-real-estate-expert-edition.html]
[riseinfraventures.com/uploads/file-manager/how-2021-will-be-like-for-real-estate-expert-edition.jpg]
[riseinfraventures.com/news-room/blogs/gurgaon-ultimate-destination-for-investment.html]
[riseinfraventures.com/uploads/file-manager/gurgaon-ultimate-destination-for-investment.png]
[riseinfraventures.com/news-room/blogs/dream-home-with-best-real-estate-company-in-gurgaon.html]
[riseinfraventures.com/uploads/file-manager/find-your-dream-home.png]
[riseinfraventures.com/news-room/blogs/best-real-estate-deals-in-gurgaon.html]
[riseinfraventures.com/uploads/file-manager/find-the-best-real-estate-deals-in-gurgaon.jpg]
[riseinfraventures.com/news-room/blogs/buy-property-in-gurgaon-best-real-estate-consultant.html]
[riseinfraventures.com/uploads/file-manager/buy-property-in-gurgaon1.png]
[riseinfraventures.com/news-room/blogs/commercial-space-to-invest-in-gurgaon-top-5-properties.html]
[riseinfraventures.com/uploads/file-manager/commercial-space-to-invest-in-gurgaon-top-5-properties.jpg]
[riseinfraventures.com/news-room/blogs/best-real-estate-consultants-in-gurgaon.html]
[riseinfraventures.com/uploads/file-manager/best-real-estate-consultants-in-gurgaon.png]
[riseinfraventures.com/news-room/blogs/best-property-in-gurgaon-to-lay-your-eye-on-for-investment.html]
[riseinfraventures.com/uploads/file-manager/best-property-in-gurgaon.png]
[riseinfraventures.com/news-room/blogs/best-investment-opportunity-in-residential-projects-in-gurgaon.html]
[riseinfraventures.com/uploads/file-manager/best-investment-opportunity.png]
[riseinfraventures.com/news-room/blogs/your-best-guide-to-real-estate-projects-in-gurgaon.html]
[riseinfraventures.com/news-room/blogs.html]
[riseinfraventures.com/uploads/file-manager/best-guide-to-real-estate-projects-in-gurgaon.jpg]
[riseinfraventures.com/assets/front/images/carpgesemn.png]
[riseinfraventures.com/career.html]
[riseinfraventures.com/assets/front/images/productlist/probannerimg.jpg]
[riseinfraventures.com/assets/front/images/cntmnlogo.png]
[riseinfraventures.com/assets/front/icon/rightshw.png]
[riseinfraventures.com/assets/front/images/contactright.png]
[riseinfraventures.com/contact-us.html]
[riseinfraventures.com/property-detail/index.html]
[riseinfraventures.com/property-detail/asset/images/commercial-and-residential-projects.png]
[riseinfraventures.com/assets/front/icon/what.png]
[riseinfraventures.com/assets/front/icon/call.png]
[riseinfraventures.com/uploads/file-manager/master-plan-villa.webp]
[riseinfraventures.com/uploads/file-manager/type-a.webp]
[riseinfraventures.com/uploads/file-manager/type-b.webp]
[riseinfraventures.com/uploads/file-manager/644578492_b5206f95b97841c8b21a5ecb502f410d.png]
[riseinfraventures.com/uploads/file-manager/588393540_590f93d471034ee69bf48dadfeb85828.png]
[riseinfraventures.com/uploads/file-manager/268692142_00c45857484149afa7b2352f4a0dc7bf.png]
[riseinfraventures.com/uploads/file-manager/air.png]
[riseinfraventures.com/uploads/file-manager/d89a704de8494e2aa70bff99d19e4cae.png]
[riseinfraventures.com/property-detail/emaar-casa-venero-alibag.html]
[riseinfraventures.com/uploads/file-manager/krisumi1.jpg]
[riseinfraventures.com/uploads/file-manager/krisumi2.jpg]
[riseinfraventures.com/uploads/file-manager/krisumi3.jpg]
[riseinfraventures.com/uploads/file-manager/krisumi4.jpg]
[riseinfraventures.com/uploads/file-manager/krisumi5.jpg]
[riseinfraventures.com/property-detail/krisumi-waterfall-residences.html]
[riseinfraventures.com/uploads/file-manager/emaarlayout.webp]
[riseinfraventures.com/uploads/file-manager/8.png]
[riseinfraventures.com/uploads/file-manager/9.png]
[riseinfraventures.com/uploads/file-manager/10.png]
[riseinfraventures.com/uploads/file-manager/11.png]
[riseinfraventures.com/uploads/file-manager/13.png]
[riseinfraventures.com/property-detail/emaar-business-district-ebd-83-sco-plots-gurgaon.html]
[riseinfraventures.com/uploads/file-manager/4-BHK-Web.webp]
[riseinfraventures.com/uploads/file-manager/4-BHK-Large-Web.webp]
[riseinfraventures.com/uploads/file-manager/4BHK-Iconic-Web.webp]
[riseinfraventures.com/property-detail/godrej-zenith-89-gurgaon.html]
[riseinfraventures.com/uploads/file-manager/puri-4-bhk.webp]
[riseinfraventures.com/uploads/file-manager/puri-3-bhk.webp]
[riseinfraventures.com/uploads/file-manager/puri-3-bhk-2.webp]
[riseinfraventures.com/uploads/file-manager/puri-3-bhk-1.webp]
[riseinfraventures.com/property-detail/puri-diplomatic-residences-sector-111.html]
[riseinfraventures.com/uploads/file-manager/3-layout.webp]
[riseinfraventures.com/property-detail/reach-3-roads-sector-70.html]
[riseinfraventures.com/uploads/file-manager/lodha-layout.webp]
[riseinfraventures.com/property-detail/lodha-woods-kandivali-east-mumbai.html]
[riseinfraventures.com/uploads/file-manager/vatika-master.webp]
[riseinfraventures.com/property-detail/vatika-one-on-one-sector-16-gurgaon-office-space.html]
[riseinfraventures.com/assets/front/videos/video4.html]
[riseinfraventures.com/projects.html]
[riseinfraventures.com/uploads/file-manager/videoframe3.jpg]
[riseinfraventures.com/privacy-policy.html]
[riseinfraventures.com/assets/front/js/lazysizes.min.js]
[riseinfraventures.com/cdnjs.cloudflare.com/ajax/libs/jquery-mousewheel/3.1.13/jquery.mousewheel.min.js]
[riseinfraventures.com/assets/front/js/perfect-scrollbar.js]
[riseinfraventures.com/assets/front/js/owl.carousel.js]
[riseinfraventures.com/assets/front/js/jquery.toast.min.js]
[riseinfraventures.com/assets/js/front.js]
[riseinfraventures.com/asets/front/icon/rightshw.png]
[riseinfraventures.com/assets/front/icon/right_arrow.png]
[riseinfraventures.com/assets/front/js/common.js]
[riseinfraventures.com/assets/front/js/EditorJs.js]
[riseinfraventures.com/assets/bower_components/font-awesome/fonts/fontawesome-webfont3e6e.svg]
[riseinfraventures.com/assets/front/css/owl.video.play.html]
[riseinfraventures.com/assets/front/css/mCSB_buttons.html]
[riseinfraventures.com/assets/front/poppins/Poppins-ExtraBold.woff2]
[riseinfraventures.com/assets/front/poppins/Poppins-ExtraBold.woff]
[riseinfraventures.com/assets/front/poppins/Poppins-Bold.woff2]
[riseinfraventures.com/assets/front/poppins/Poppins-Bold.woff]
[riseinfraventures.com/assets/front/poppins/Poppins-Light.woff2]
[riseinfraventures.com/assets/front/poppins/Poppins-Light.woff]
[riseinfraventures.com/assets/front/poppins/Poppins-Medium.woff2]
[riseinfraventures.com/assets/front/poppins/Poppins-Medium.woff]
[riseinfraventures.com/assets/front/poppins/Poppins-Regular.woff2]
[riseinfraventures.com/assets/front/poppins/Poppins-Regular.woff]
[riseinfraventures.com/assets/front/poppins/Poppins-SemiBold.woff2]
[riseinfraventures.com/assets/front/poppins/fonts.css]
[riseinfraventures.com/assets/front/poppins/Poppins-SemiBold.woff]
[riseinfraventures.com/assets/front/font/webfont/SilverSouthScriptd41dd41d.html]
[riseinfraventures.com/assets/front/font/webfont/SilverSouthScript.woff]
[riseinfraventures.com/assets/front/font/webfont/SilverSouthScript.html]
[riseinfraventures.com/assets/front/font/webfont/SilverSouthScript-2.html]
[riseinfraventures.com/assets/front/font/webfont/Cinzel-Regulard41dd41d.html]
[riseinfraventures.com/assets/front/font/webfont/Cinzel-Regular.woff]
[riseinfraventures.com/assets/front/font/webfont/Cinzel-Regular.html]
[riseinfraventures.com/assets/front/font/webfont/Cinzel-Regular-2.html]
[riseinfraventures.com/assets/front/images/abtrghtleft.png]
[riseinfraventures.com/assets/front/images/bnrimg.jpg]
[riseinfraventures.com/assets/front/icon/down-arrow-select1.png]
[riseinfraventures.com/assets/front/images/index/FtrdBldng-Bg.jpg]
[riseinfraventures.com/assets/front/images/productlist/amtbnerimg.jpg]
[riseinfraventures.com/assets/front/images/cntmnvrswn.jpg]
[riseinfraventures.com/assets/front/images/topimgsec.jpg]
[riseinfraventures.com/assets/front/images/carbckimg.jpg]
[riseinfraventures.com/assets/front/icon/down-arrow-select2.png]
[riseinfraventures.com/assets/front/sass/style.css]
[riseinfraventures.com/category/index.html]
[riseinfraventures.com/category/asset/images/commercial-and-residential-projects.html]
[riseinfraventures.com/uploads/file-manager/omaxe-rise.jpg]
[riseinfraventures.com/uploads/file-manager/floor-one.jpg]
[riseinfraventures.com/uploads/file-manager/floor-two.jpg]
[riseinfraventures.com/uploads/file-manager/floor-three.jpg]
[riseinfraventures.com/uploads/file-manager/853546733_e7fa2638d4194d83865ec1615f302e98.png]
[riseinfraventures.com/property-detail/omaxe-state-dwarka-19b-delhi.html]
[riseinfraventures.com/uploads/file-manager/lauout-m3m.webp]
[riseinfraventures.com/property-detail/m3m-jewel-sector-25-mg-road.html]
[riseinfraventures.com/uploads/file-manager/lauout.jpg]
[riseinfraventures.com/property-detail/suncity-the-empire.html]
[riseinfraventures.com/uploads/file-manager/1694168176layout.jpg]
[riseinfraventures.com/property-detail/pyramid-grand-vista.html]
[riseinfraventures.com/uploads/file-manager/1694162555114_xpressway.jpg]
[riseinfraventures.com/property-detail/m3m-xpressway-sco-114.html]
[riseinfraventures.com/uploads/file-manager/1694157183ebd_layout.jpg]
[riseinfraventures.com/property-detail/emaar-ebd-75a.html]
[riseinfraventures.com/uploads/file-manager/1679730247layout.jpg]
[riseinfraventures.com/property-detail/m3m-114-market.html]
[riseinfraventures.com/uploads/file-manager/1679729882Ground_Floor.jpg]
[riseinfraventures.com/uploads/file-manager/1679729882First_Floor.jpg]
[riseinfraventures.com/uploads/file-manager/1679729882Second_Floor.jpg]
[riseinfraventures.com/uploads/file-manager/1679729882Third_Floor.jpg]
[riseinfraventures.com/property-detail/smartworld-one-dxp-street.html]
[riseinfraventures.com/uploads/file-manager/1679728828mezzanine_Floor_plan.jpg]
[riseinfraventures.com/uploads/file-manager/1679728828Lower_ground_floor_plan.jpg]
[riseinfraventures.com/uploads/file-manager/1679728828Ground_floor_plan.jpg]
[riseinfraventures.com/uploads/file-manager/16797288281st_floor_plan.jpg]
[riseinfraventures.com/uploads/file-manager/16797288282nd_floor_plan.jpg]
[riseinfraventures.com/uploads/file-manager/16797288283rd_floor_plan.jpg]
[riseinfraventures.com/uploads/file-manager/16797288284th_floor_plan.jpg]
[riseinfraventures.com/uploads/file-manager/1679728828Typical_service_apartment.jpg]
[riseinfraventures.com/property-detail/m3m-paragon.html]
[riseinfraventures.com/uploads/file-manager/ground-floor11.jpg]
[riseinfraventures.com/property-detail/m3m-atrium-sector-57-commercial-development.html]
[riseinfraventures.com/uploads/file-manager/ground-floor.jpg]
[riseinfraventures.com/property-detail/ameya-sapphire-57-gurgaon-investment.html]
[riseinfraventures.com/uploads/file-manager/1679661769Lower_Ground_floor.jpg]
[riseinfraventures.com/uploads/file-manager/1679661769Ground_floor.jpg]
[riseinfraventures.com/uploads/file-manager/1679661769First_floor.jpg]
[riseinfraventures.com/uploads/file-manager/1679661769Third_floor.jpg]
[riseinfraventures.com/property-detail/m3m-route-65.html]
[riseinfraventures.com/uploads/file-manager/1679660161Ground_floor.jpg]
[riseinfraventures.com/uploads/file-manager/1679660161First_Floor.jpg]
[riseinfraventures.com/uploads/file-manager/1679660161Second_Floor.jpg]
[riseinfraventures.com/uploads/file-manager/1679660161third_floor.jpg]
[riseinfraventures.com/property-detail/smart-world-orchard-street.html]
[riseinfraventures.com/uploads/file-manager/1677659131layout_Lower_ground_floor.jpg]
[riseinfraventures.com/uploads/file-manager/1677659131layout_ground_Floor.jpg]
[riseinfraventures.com/uploads/file-manager/1677659131layout_1_floor.jpg]
[riseinfraventures.com/uploads/file-manager/1677659131layout_2nd_floor.jpg]
[riseinfraventures.com/property-detail/m3m-capital-walk.html]
[riseinfraventures.com/uploads/file-manager/m3m6.jpg]
[riseinfraventures.com/property-detail/m3m-urbana-business-park.html]
[riseinfraventures.com/uploads/file-manager/dlf.jpg]
[riseinfraventures.com/property-detail/dlf-corporate-greens.html]
[riseinfraventures.com/uploads/file-manager/statement.jpg]
[riseinfraventures.com/property-detail/statement.html]
[riseinfraventures.com/property-detail/signature.html]
[riseinfraventures.com/uploads/file-manager/joy4.jpg]
[riseinfraventures.com/property-detail/joy-street.html]
[riseinfraventures.com/uploads/file-manager/1682159502ELAN_MIRACLE_layout.jpg]
[riseinfraventures.com/uploads/file-manager/1682159502ELAN_MIRACLE_lower_ground.jpg]
[riseinfraventures.com/uploads/file-manager/1682159502ELAN_MIRACLE_ground.jpg]
[riseinfraventures.com/uploads/file-manager/1682159502ELAN_MIRACLE_first_Floor.jpg]
[riseinfraventures.com/uploads/file-manager/1682159502ELAN_MIRACLE_second_Floor.jpg]
[riseinfraventures.com/uploads/file-manager/1682159502ELAN_MIRACLE_3rd_Floor.jpg]
[riseinfraventures.com/property-detail/miracle-mile.html]
[riseinfraventures.com/uploads/file-manager/m3m2.jpg]
[riseinfraventures.com/property-detail/m3m-sco-plots-sec-113.html]
[riseinfraventures.com/uploads/file-manager/m3m1.jpg]
[riseinfraventures.com/property-detail/m3m-sco-plots-sec-84.html]
[riseinfraventures.com/uploads/file-manager/ebd65.jpg]
[riseinfraventures.com/property-detail/emaar-sco-sec-65.html]
[riseinfraventures.com/uploads/file-manager/lauout1.jpg]
[riseinfraventures.com/property-detail/dlf-gardencity-central.html]
[riseinfraventures.com/uploads/file-manager/1682160824VATIKA_MARKET_WALK_key_plan.jpg]
[riseinfraventures.com/uploads/file-manager/1682160824VATIKA_MARKET_WALK_slate_plan.jpg]
[riseinfraventures.com/uploads/file-manager/1682160824VATIKA_MARKET_WALK_Groud_floor.jpg]
[riseinfraventures.com/uploads/file-manager/1682160824VATIKA_MARKET_WALK_1st_flore.jpg]
[riseinfraventures.com/uploads/file-manager/1682160824VATIKA_MARKET_WALK_2nd_flore.jpg]
[riseinfraventures.com/property-detail/vatika-market-walk.html]
[riseinfraventures.com/uploads/file-manager/ground-loor.jpg]
[riseinfraventures.com/property-detail/raheja-mall.html]
[riseinfraventures.com/uploads/file-manager/ground11-floor.jpg]
[riseinfraventures.com/property-detail/prive-73.html]
[riseinfraventures.com/uploads/file-manager/1673546782elan-miracle-high-street-retail-option-1-floor-plan.jpg]
[riseinfraventures.com/uploads/file-manager/1673546782elan-miracle-high-street-retail-option-1-floor-plan1.jpg]
[riseinfraventures.com/property-detail/elan-miracle.html]
[riseinfraventures.com/uploads/file-manager/1682159155MERCADO_layout.jpg]
[riseinfraventures.com/uploads/file-manager/1682159155MERCADO_layout_ground_floor.jpg]
[riseinfraventures.com/uploads/file-manager/1682159155MERCADO_layout_1st_floor.jpg]
[riseinfraventures.com/uploads/file-manager/1682159155MERCADO_layout_2nd_floor.jpg]
[riseinfraventures.com/uploads/file-manager/1682159155MERCADO_layout_3rd_floor.jpg]
[riseinfraventures.com/property-detail/mercado.html]
[riseinfraventures.com/uploads/file-manager/1682157574elan_empire_lower_groud.jpg]
[riseinfraventures.com/uploads/file-manager/1682157574elan_empire_ground_floor.jpg]
[riseinfraventures.com/uploads/file-manager/1682157574elan_empire_1st_floor.jpg]
[riseinfraventures.com/uploads/file-manager/1682157574elan_empire_2nd_floor.jpg]
[riseinfraventures.com/uploads/file-manager/1682157574elan_empire_3rd_floor.jpg]
[riseinfraventures.com/uploads/file-manager/1682157574elan_empire_4th_floor.jpg]
[riseinfraventures.com/uploads/file-manager/1682157574elan_empire_5th_floor.jpg]
[riseinfraventures.com/uploads/file-manager/1682157574elan_empire_6th_floor.jpg]
[riseinfraventures.com/uploads/file-manager/1682157574elan_empire_7th_floor.jpg]
[riseinfraventures.com/uploads/file-manager/1682157574elan_empire_8th_floor.jpg]
[riseinfraventures.com/uploads/file-manager/1682157574elan_empire_9th_floor.jpg]
[riseinfraventures.com/property-detail/elan-empire.html]
[riseinfraventures.com/uploads/file-manager/joy3.jpg]
[riseinfraventures.com/property-detail/joy-square.html]
[riseinfraventures.com/uploads/file-manager/joy2.jpg]
[riseinfraventures.com/property-detail/joy-gallery.html]
[riseinfraventures.com/property-detail/vilasa.html]
[riseinfraventures.com/uploads/file-manager/1673197820vatika-crossover-sco-commercial-plots-plots-floor-plan.png]
[riseinfraventures.com/property-detail/vatika-crossover-sco-commercial-plots.html]
[riseinfraventures.com/uploads/file-manager/m3m5.jpg]
[riseinfraventures.com/property-detail/m3m-myden.html]
[riseinfraventures.com/uploads/file-manager/groun.jpg]
[riseinfraventures.com/property-detail/elan-epic.html]
[riseinfraventures.com/uploads/file-manager/1677231704Ground_floor_plan.jpg]
[riseinfraventures.com/uploads/file-manager/1676876592first_floor_plan.jpg]
[riseinfraventures.com/uploads/file-manager/1676876592Second_floor_plan.jpg]
[riseinfraventures.com/uploads/file-manager/16768765923rd_floor_plan.jpg]
[riseinfraventures.com/property-detail/raheja-delhi-mall.html]
[riseinfraventures.com/uploads/file-manager/1677231704Inox_floor_plan.jpg]
[riseinfraventures.com/uploads/file-manager/1676876543First_floor_plan.jpg]
[riseinfraventures.com/uploads/file-manager/1676876543Ground_floor_plan.jpg]
[riseinfraventures.com/property-detail/omaxe-chowk.html]
[riseinfraventures.com/uploads/file-manager/siteplan.webp]
[riseinfraventures.com/property-detail/tarc-ishva-sector-63a-gurgaon.html]
[riseinfraventures.com/uploads/file-manager/masterplan.webp]
[riseinfraventures.com/uploads/file-manager/3BHKA.webp]
[riseinfraventures.com/uploads/file-manager/4BHKS.webp]
[riseinfraventures.com/uploads/file-manager/penthouse1.webp]
[riseinfraventures.com/property-detail/silverglades-legacy-sector-63a-gurgaon.html]
[riseinfraventures.com/uploads/file-manager/max-3-bhk.webp]
[riseinfraventures.com/uploads/file-manager/max-3-bhk-plus.webp]
[riseinfraventures.com/property-detail/max-estate-360.html]
[riseinfraventures.com/uploads/file-manager/max-4-bhk.webp]
[riseinfraventures.com/uploads/file-manager/godrej-location.webp]
[riseinfraventures.com/property-detail/godrej-sector-103-gurgaon.html]
[riseinfraventures.com/uploads/file-manager/titanium-3-5.jpg]
[riseinfraventures.com/uploads/file-manager/titanium-4-5.jpg]
[riseinfraventures.com/property-detail/signature-global-titanium-spr-71.html]
[riseinfraventures.com/uploads/file-manager/site-plan.jpg]
[riseinfraventures.com/uploads/file-manager/4bhk-plan.jpg]
[riseinfraventures.com/property-detail/dlf-privana-west-sector-76.html]
[riseinfraventures.com/uploads/file-manager/emaar-88-master-Plan.webp]
[riseinfraventures.com/uploads/file-manager/3BHK-2T.webp]
[riseinfraventures.com/uploads/file-manager/3BHK-1T.webp]
[riseinfraventures.com/uploads/file-manager/2BHK-S.P.webp]
[riseinfraventures.com/property-detail/emaar-the-88-sector-112.html]
[riseinfraventures.com/uploads/file-manager/belagio-layout.webp]
[riseinfraventures.com/property-detail/lodha-bellagio-in-powai-mumbai.html]
[riseinfraventures.com/uploads/file-manager/sig-layourt.webp]
[riseinfraventures.com/property-detail/signature-global-deluxe-dxp-sector-37d.html]
[riseinfraventures.com/uploads/file-manager/lb2.webp]
[riseinfraventures.com/property-detail/birla-niyaara-worli-in-mumbai.html]
[riseinfraventures.com/uploads/file-manager/3bhk.webp]
[riseinfraventures.com/uploads/file-manager/4bhk.webp]
[riseinfraventures.com/property-detail/godrej-aristocrat-sector-49.html]
[riseinfraventures.com/uploads/file-manager/ssss.jpg]
[riseinfraventures.com/uploads/file-manager/ssss2.jpg]
[riseinfraventures.com/property-detail/smart-world-the-edition-sector-66.html]
[riseinfraventures.com/uploads/file-manager/16797295583_5_BHK.jpg]
[riseinfraventures.com/uploads/file-manager/16797295583_5_BHK+Utility_.jpg]
[riseinfraventures.com/uploads/file-manager/16797295584_5_BHK+Utility.jpg]
[riseinfraventures.com/uploads/file-manager/16797295584_5_BHK+Utility+Deck.jpg]
[riseinfraventures.com/property-detail/smart-world-113-one-dxp.html]
[riseinfraventures.com/property-detail/tata-gurgaon-gateway.html]
[riseinfraventures.com/property-detail/sobha-city.html]
[riseinfraventures.com/property-detail/luminare.html]
[riseinfraventures.com/uploads/file-manager/1682160465skycity.jpg]
[riseinfraventures.com/uploads/file-manager/1682160465skycity_1.jpg]
[riseinfraventures.com/property-detail/skycity.html]
[riseinfraventures.com/uploads/file-manager/1682160253skyloft.jpg]
[riseinfraventures.com/uploads/file-manager/1682160253skyloft_brodway_seviced.jpg]
[riseinfraventures.com/uploads/file-manager/1682160253skyloft_brodway_club_floor.jpg]
[riseinfraventures.com/property-detail/m3m-sky-lofts.html]
[riseinfraventures.com/property-detail/heights.html]
[riseinfraventures.com/property-detail/corridors-sector-67a.html]
[riseinfraventures.com/uploads/file-manager/1682156897heritage_one_layout.jpg]
[riseinfraventures.com/uploads/file-manager/1682156897heritage_one_tower_a.jpg]
[riseinfraventures.com/uploads/file-manager/1682156897heritage_one_tower_bc.jpg]
[riseinfraventures.com/uploads/file-manager/1682156897heritage_one_tower_bc1.jpg]
[riseinfraventures.com/property-detail/heritage-one.html]
[riseinfraventures.com/property-detail/heritage-max.html]
[riseinfraventures.com/property-detail/ambience-creacions.html]
[riseinfraventures.com/property-detail/zen-residences.html]
[riseinfraventures.com/property-detail/club-residences.html]
[riseinfraventures.com/property-detail/oyster-grande.html]
[riseinfraventures.com/property-detail/signature-plus.html]
[riseinfraventures.com/uploads/file-manager/msterplantram.jpg]
[riseinfraventures.com/property-detail/trump-towers-delhi-ncr.html]
[riseinfraventures.com/property-detail/smart-world-floors.html]
[riseinfraventures.com/property-detail/m3m-city-of-dreams.html]
[riseinfraventures.com/property-detail/air-godrej.html]
[riseinfraventures.com/property-detail/emaar-digi-homes.html]
[riseinfraventures.com/property-detail/dlf-the-ulitma.html]
[riseinfraventures.com/property-detail/dlf-signature-residences.html]
[riseinfraventures.com/property-detail/dlf-one-midtown.html]
[riseinfraventures.com/uploads/file-manager/1673196326residential-dlf-garden-city-5-rise-infraventures.jpg]
[riseinfraventures.com/property-detail/dlf-garden-city.html]
[riseinfraventures.com/uploads/file-manager/1690529066WhatsApp_Image_2023-07-28_at_12_51_08.jpg]
[riseinfraventures.com/property-detail/dlf-floors-in-dlf-phase-1-2-3-and-4.html]
[riseinfraventures.com/uploads/file-manager/m3m-113.jpg]
[riseinfraventures.com/property-detail/m3m-113.html]
[riseinfraventures.com/uploads/file-manager/1673068053dlf-alameda-4-bhk-floor-plan.png]
[riseinfraventures.com/property-detail/dlf-alameda.html]
[riseinfraventures.com/uploads/file-manager/16768767354_BHK.jpg]
[riseinfraventures.com/uploads/file-manager/16768767355_BHK.jpg]
[riseinfraventures.com/property-detail/unity-the-amaryllis.html]
[riseinfraventures.com/uploads/file-manager/1676876694Penthouse_Floor_Plan_type_B_Lvl_1.jpg]
[riseinfraventures.com/property-detail/risland-sky-mansion.html]
[riseinfraventures.com/uploads/file-manager/1676876694Penthouse_Floor_Plan_type_B_Lvl_3.jpg]
[riseinfraventures.com/uploads/file-manager/16768766503_BHK_Floor_Plan.jpg]
[riseinfraventures.com/uploads/file-manager/16768766504_BHK_Floor_Plan.jpg]
[riseinfraventures.com/uploads/file-manager/16768766505_BHK_Floor_Plan.jpg]
[riseinfraventures.com/uploads/file-manager/16768766508_BHK_penthouse_Floor_Plan.jpg]
[riseinfraventures.com/property-detail/raheja-the-leela-sky-villas.html]
[riseinfraventures.com/uploads/file-manager/1676876650site_plan.jpg]
[riseinfraventures.com/uploads/file-manager/1676876509Typical_floor_area.jpg]
[riseinfraventures.com/uploads/file-manager/1676876509First_Floor_plan.jpg]
[riseinfraventures.com/uploads/file-manager/1676876509Ground_floor_plan.jpg]
[riseinfraventures.com/property-detail/m2k-suites-in-greater-kailash.html]
[riseinfraventures.com/uploads/file-manager/1676876425Master_Plan.jpg]
[riseinfraventures.com/property-detail/lodha-aura.html]
[riseinfraventures.com/uploads/file-manager/1673097400Floor_Plan_2_BED_Luxury.jpg]
[riseinfraventures.com/uploads/file-manager/1673132355Floor_Plan_3_BED_Luxury_Private_Garden.jpg]
[riseinfraventures.com/uploads/file-manager/1673132379Floor_Plan_Luxury_Suite.jpg]
[riseinfraventures.com/uploads/file-manager/1673132355Floor_Plan_Wing_A.jpg]
[riseinfraventures.com/uploads/file-manager/1673132355Floor_Plan_Wing_B.jpg]
[riseinfraventures.com/uploads/file-manager/1676876354Floor_Plan.jpg]
[riseinfraventures.com/property-detail/lodha-gardenia-residential-property-in-wadala.html]
[riseinfraventures.com/uploads/file-manager/1673020562Floor_Plan.jpg]
[riseinfraventures.com/uploads/file-manager/1676876300Master_Plan.jpg]
[riseinfraventures.com/property-detail/lodha-codename-evergreen.html]
[riseinfraventures.com/uploads/file-manager/16768762613_BED_with_Study_4_BED.jpg]
[riseinfraventures.com/uploads/file-manager/16768762613_BED_with_Study_4_BED1.jpg]
[riseinfraventures.com/uploads/file-manager/1676876261Floor_Plan-Wing_A.jpg]
[riseinfraventures.com/uploads/file-manager/1676876261Wing_-B.jpg]
[riseinfraventures.com/uploads/file-manager/1676876261Wing-c.jpg]
[riseinfraventures.com/uploads/file-manager/1676876261Master_Plan.jpg]
[riseinfraventures.com/property-detail/lodha-bellevue-mahalaxmi.html]
[riseinfraventures.com/uploads/file-manager/1676787224Master_Plan.jpg]
[riseinfraventures.com/property-detail/godrej-horizon-dadar-wadala.html]
[riseinfraventures.com/uploads/file-manager/16726476882_BHK_Luxe.jpg]
[riseinfraventures.com/uploads/file-manager/1676876113Floor_Plan.jpg]
[riseinfraventures.com/uploads/file-manager/1676876113Ground_Plan_.jpg]
[riseinfraventures.com/uploads/file-manager/1676876114Terrace_plan.jpg]
[riseinfraventures.com/property-detail/bkc-28.html]
[riseinfraventures.com/city/index.html]
[riseinfraventures.com/city/asset/images/commercial-and-residential-projects.html]
[riseinfraventures.com/property-detail/m3m-jewel-best-investment-in-gurgaon.html]
[riseinfraventures.com/news-room/index.html]
[riseinfraventures.com/news-room/asset/images/commercial-and-residential-projects.html]
[riseinfraventures.com/news-room/_undefined_.html]
[riseinfraventures.com/news-room/awards/index.html]
[riseinfraventures.com/news-room/awards/asset/images/commercial-and-residential-projects.png]
[riseinfraventures.com/news-room/awards/outstanding-performance-award-by-godrej-properties.html]
[riseinfraventures.com/uploads/file-manager/1e.jpg]
[riseinfraventures.com/uploads/file-manager/2e.jpg]
[riseinfraventures.com/uploads/file-manager/3e.jpg]
[riseinfraventures.com/uploads/file-manager/4e.jpg]
[riseinfraventures.com/uploads/file-manager/5e.jpg]
[riseinfraventures.com/uploads/file-manager/6e.jpg]
[riseinfraventures.com/uploads/file-manager/7e.jpg]
[riseinfraventures.com/uploads/file-manager/8e.jpg]
[riseinfraventures.com/news-room/awards/humbled-and-elated-to-receive-the-prestigious-award-from-elan-group-for-our-exceptional-sales-achievements.html]
[riseinfraventures.com/news-room/pr-activities/index.html]
[riseinfraventures.com/news-room/pr-activities/asset/images/commercial-and-residential-projects.png]
[riseinfraventures.com/news-room/pr-activities/living-with-the-theme-how-realty-developers-conceptualize-theme-based-projects.html]
[riseinfraventures.com/news-room/pr-activities/a-team-of-real-estate-experts-in-ggn.html]
[riseinfraventures.com/news-room/pr-activities/real-estate-sector-expects-union-budget-to-extend-a-helping-hand.html]
[riseinfraventures.com/news-room/pr-activities/iconic-titans-of-real-esate-consultancy.html]
[riseinfraventures.com/news-room/pr-activities/the-golf-course-extension-road-in-gurugram.html]
[riseinfraventures.com/news-room/pr-activities/according-to-a-report-by-the-times-of-india-the-national-capital-region.html]
[riseinfraventures.com/news-room/pr-activities/where-vision-meets-realty-sachin-gawri-ceo-founder-rise-infra.html]
[riseinfraventures.com/news-room/pr-activities/rise-infraventures-limited-targets-rs-2000-cr-sales-by-end-of-fy-2021-22.html]
[riseinfraventures.com/uploads/file-manager/1r.jpg]
[riseinfraventures.com/uploads/file-manager/2r.jpg]
[riseinfraventures.com/uploads/file-manager/3r.jpg]
[riseinfraventures.com/uploads/file-manager/4r.jpg]
[riseinfraventures.com/uploads/file-manager/5r.jpg]
[riseinfraventures.com/uploads/file-manager/6r.jpg]
[riseinfraventures.com/uploads/file-manager/7r.jpg]
[riseinfraventures.com/uploads/file-manager/8r.jpg]
[riseinfraventures.com/uploads/file-manager/9r.jpg]
[riseinfraventures.com/uploads/file-manager/10r.jpg]
[riseinfraventures.com/uploads/file-manager/11r.jpg]
[riseinfraventures.com/uploads/file-manager/12r.jpg]
[riseinfraventures.com/uploads/file-manager/13r.jpg]
[riseinfraventures.com/uploads/file-manager/14r.jpg]
[riseinfraventures.com/uploads/file-manager/15r.jpg]
[riseinfraventures.com/uploads/file-manager/16r.jpg]
[riseinfraventures.com/uploads/file-manager/17r.jpg]
[riseinfraventures.com/news-room/pr-activities/rcc-2021-india-largest-real-estate-conference-proudly-hosted-by-rise-infraventures.html]
[riseinfraventures.com/news-room/events/index.html]
[riseinfraventures.com/news-room/events/asset/images/commercial-and-residential-projects.png]
[riseinfraventures.com/uploads/file-manager/1g.jpg]
[riseinfraventures.com/uploads/file-manager/2g.jpg]
[riseinfraventures.com/uploads/file-manager/3g.jpg]
[riseinfraventures.com/uploads/file-manager/4g.jpg]
[riseinfraventures.com/uploads/file-manager/5g.jpg]
[riseinfraventures.com/news-room/events/rise-infraventures-promotes-golf-at-m3m-golf-estate-as-the-title-sponsor-of-the-residents-tournament.html]
[riseinfraventures.com/uploads/file-manager/1f.jpg]
[riseinfraventures.com/uploads/file-manager/2f.jpg]
[riseinfraventures.com/uploads/file-manager/3f.jpg]
[riseinfraventures.com/uploads/file-manager/4f.jpg]
[riseinfraventures.com/uploads/file-manager/5f.jpg]
[riseinfraventures.com/uploads/file-manager/6f.jpg]
[riseinfraventures.com/uploads/file-manager/7f.jpg]
[riseinfraventures.com/news-room/events/rise-family-came-together-to-celebrate-the-spirit-of-togetherness.html]
[riseinfraventures.com/news-room/csr-activities/index.html]
[riseinfraventures.com/news-room/csr-activities/asset/images/commercial-and-residential-projects.png]
[riseinfraventures.com/news-room/csr-activities/rise-infraventures-samidha-welfare-empowering-girls-for-a-brighter-future.html]
[riseinfraventures.com/news-room/csr-activities/subhash-chowk-gurugram-honoring-the-legacy-of-netaji-subhash-chandra-bose.html]
[riseinfraventures.com/news-room/csr-activities/rise-infraventures-and-gmda-collaborate-to-support-g20-initiatives.html]
[riseinfraventures.com/news-room/csr-activities/rise-infraventures-limited-remarkable-initiative-establishing-11-murti-replica-in-gurugram.html]
[riseinfraventures.com/news-room/csr-activities/shaping-a-brighter-gurugram-rise-infraventures-and-gmda-unite.html]
[riseinfraventures.com/news-room/csr-activities/citys-growth-inspires-rise_-embrace-the-momentum.html]
[riseinfraventures.com/news-room/blogs/index.html]
[riseinfraventures.com/news-room/blogs/asset/images/commercial-and-residential-projects.png]
[riseinfraventures.com/news-room/blogs/godrej-properties-Q2-sales-growth-record-5200-crore.html]
[riseinfraventures.com/news-room/blogs/top-cities-for-real-estate-investment-in-india.html]
[riseinfraventures.com/news-room/blogs/fastest-growing-areas-in-gurgaon-residential-properties.html]
[riseinfraventures.com/news-room/blogs/invest-in-real-estate-residential-commercial-projects-2023.html]
[riseinfraventures.com/news-room/blogs/good-year-to-buy-house-real-estate-investment.html]
[riseinfraventures.com/news-room/blogs/outlook-for-indian-real-estate-in-2023.html]
[riseinfraventures.com/news-room/blogs/cities-becoming-growth-engines-for-indian-real-estate.html]
[riseinfraventures.com/news-room/blogs/technology-taking-a-lead-in-real-estate.html]
[riseinfraventures.com/news-room/blogs/nris-investing-indian-real-estate-best-consultant.html]
[riseinfraventures.com/news-room/blogs/best-commercial-project-developments-consultants-invest.html]
[riseinfraventures.com/news-room/blogs/gurgaon-metro-stations-information-route-landmarks.html]
[riseinfraventures.com/news-room/blogs/updates-industrial-development-maharashtra.html]
[riseinfraventures.com/news-room/blogs/demand-residential-commercial-space-would-rise-result-delhi-mumbai-expressway.html]
[riseinfraventures.com/news-room/blogs/for-gulf-nris-india-is-a-hotspot-for-real-estate-investment.html]
[riseinfraventures.com/news-room/blogs/ways-to-reduce-real-estate-investment-risk.html]
[riseinfraventures.com/news-room/blogs/retail-investment-in-gurgaon-top-5-projects.html]
[riseinfraventures.com/news-room/blogs/proptech-future-of-real-estate-in-india.html]
[riseinfraventures.com/news-room/blogs/property-management-is-important-according-to-real-estate-consultant.html]
[riseinfraventures.com/news-room/blogs/planning-for-real-estate-investment-in-upcoming-summer-season.html]
[riseinfraventures.com/news-room/blogs/buy-real-estate-properties-in-gurgaon.html]
[riseinfraventures.com/news-room/blogs/how-2021-will-be-like-for-real-estate-expert-edition.html]
[riseinfraventures.com/news-room/blogs/gurgaon-ultimate-destination-for-investment.html]
[riseinfraventures.com/news-room/blogs/dream-home-with-best-real-estate-company-in-gurgaon.html]
[riseinfraventures.com/news-room/blogs/best-real-estate-deals-in-gurgaon.html]
[riseinfraventures.com/news-room/blogs/buy-property-in-gurgaon-best-real-estate-consultant.html]
[riseinfraventures.com/news-room/blogs/commercial-space-to-invest-in-gurgaon-top-5-properties.html]
[riseinfraventures.com/news-room/blogs/best-real-estate-consultants-in-gurgaon.html]
[riseinfraventures.com/news-room/blogs/best-property-in-gurgaon-to-lay-your-eye-on-for-investment.html]
[riseinfraventures.com/news-room/blogs/best-investment-opportunity-in-residential-projects-in-gurgaon.html]
[riseinfraventures.com/news-room/blogs/your-best-guide-to-real-estate-projects-in-gurgaon.html]
[riseinfraventures.com/property-detail/index.html]
[riseinfraventures.com/property-detail/asset/images/commercial-and-residential-projects.html]
[riseinfraventures.com/uploads/file-manager/videoframe3.html]
[riseinfraventures.com/cdnjs.cloudflare.com/ajax/libs/jquery-mousewheel/3.1.13/jquery.mousewheel.min.html]
[riseinfraventures.com/asets/front/icon/rightshw.html]
[riseinfraventures.com/assets/front/icon/right_arrow.html]
[riseinfraventures.com/assets/front/font/webfont/SilverSouthScriptd41dd41d.html]
[riseinfraventures.com/assets/front/font/webfont/SilverSouthScript.html]
[riseinfraventures.com/assets/front/font/webfont/SilverSouthScript-2.html]
[riseinfraventures.com/assets/front/font/webfont/Cinzel-Regulard41dd41d.html]
[riseinfraventures.com/assets/front/font/webfont/Cinzel-Regular.html]
[riseinfraventures.com/assets/front/font/webfont/Cinzel-Regular-2.html]
[riseinfraventures.com/uploads/file-manager/index.html]
[riseinfraventures.com/uploads/file-manager/msterplantram.html]
[riseinfraventures.com/news-room/awards/index.html]
[riseinfraventures.com/news-room/awards/asset/images/commercial-and-residential-projects.html]
[riseinfraventures.com/news-room/pr-activities/index.html]
[riseinfraventures.com/news-room/pr-activities/asset/images/commercial-and-residential-projects.html]
[riseinfraventures.com/news-room/events/index.html]
[riseinfraventures.com/news-room/events/asset/images/commercial-and-residential-projects.html]
[riseinfraventures.com/news-room/csr-activities/index.html]
[riseinfraventures.com/news-room/csr-activities/asset/images/commercial-and-residential-projects.html]
[riseinfraventures.com/news-room/blogs/index.html]
[riseinfraventures.com/news-room/blogs/asset/images/commercial-and-residential-projects.html]
