[luxuriousproperty.in/index.html]
[backblue.gif]
[fade.gif]
[index.html]
[luxuriousproperty.in/favicon1.ico]
[luxuriousproperty.in/images/logo-dark.png]
[luxuriousproperty.in/images/amenities/call.png]
[luxuriousproperty.in/images/banner-1.jpg]
[luxuriousproperty.in/images/banner-1-sm.jpg]
[luxuriousproperty.in/images/banner-2.jpg]
[luxuriousproperty.in/images/banner-2-sm.jpg]
[luxuriousproperty.in/images/1.png]
[luxuriousproperty.in/images/query-btn.png]
[luxuriousproperty.in/images/pdf-file.png]
[luxuriousproperty.in/images/about-img.jpg]
[luxuriousproperty.in/images/highlight.jpg]
[luxuriousproperty.in/images/right.png]
[luxuriousproperty.in/images/swimming-pool.webp]
[luxuriousproperty.in/images/dumbbell.webp]
[luxuriousproperty.in/images/running-track.webp]
[luxuriousproperty.in/images/yoga.webp]
[luxuriousproperty.in/images/tennis-court.webp]
[luxuriousproperty.in/images/cctv-camera.webp]
[luxuriousproperty.in/images/club.webp]
[luxuriousproperty.in/images/theater.webp]
[luxuriousproperty.in/images/master-plan.jpg]
[luxuriousproperty.in/images/floorplan.jpg]
[luxuriousproperty.in/images/g1.webp]
[luxuriousproperty.in/images/g2.webp]
[luxuriousproperty.in/images/g3.webp]
[luxuriousproperty.in/images/g4.webp]
[luxuriousproperty.in/images/g5.webp]
[luxuriousproperty.in/images/pin.png]
[luxuriousproperty.in/images/location.png]
[luxuriousproperty.in/pin.html]
[luxuriousproperty.in/privacy-policy.html]
[luxuriousproperty.in/js/jquery.min.js]
[luxuriousproperty.in/js/owl.carousel.min.js]
[luxuriousproperty.in/js/bootstrap.bundle.min.js]
[luxuriousproperty.in/js/jquery.magnific-popup.min.js]
[luxuriousproperty.in/index.html]
[luxuriousproperty.in/favicon1.html]
[luxuriousproperty.in/css/bootstrap.min.css]
[luxuriousproperty.in/index-2.html]
[luxuriousproperty.in/fonts/AbhayaLibre-Bold.ttf]
[luxuriousproperty.in/fonts/AbhayaLibre-SemiBold.ttf]
[luxuriousproperty.in/fonts/AbhayaLibre-Medium.ttf]
[luxuriousproperty.in/fonts/AbhayaLibre-Regular.ttf]
[luxuriousproperty.in/fonts/NunitoSans_10pt-Medium.ttf]
[luxuriousproperty.in/fonts/NunitoSans_10pt-Regular.ttf]
[luxuriousproperty.in/fonts/NunitoSans_10pt-Light.ttf]
[luxuriousproperty.in/fonts/Nunito-Light.ttf]
[luxuriousproperty.in/fonts/Nunito-Regular.ttf]
[luxuriousproperty.in/fonts/Nunito-Medium.ttf]
[luxuriousproperty.in/images/shape.png]
[luxuriousproperty.in/images/location-bg.png]
[luxuriousproperty.in/css/style.css]
[luxuriousproperty.in/css/magnific-popup.css]
[luxuriousproperty.in/images/amenities/call.html]
[luxuriousproperty.in/images/location.html]
[luxuriousproperty.in/pin.html]
[luxuriousproperty.in/privacy-policy.html]
[luxuriousproperty.in/index-2.html]
